// merge multiple single import declarations (grouping)
package main

import (
	"context"
	"fmt"

	"github.com/homuler/bar"
	"github.com/homuler/foo"

	"local/baz"
	"local/qux"
)

var (
	x = foo.X
	y = bar.Y
	w = baz.W
	z = qux.Z
)

func main() {
	fmt.Println(context.Background())
	fmt.Printf("%v %v %v %v\n", x, y, w, z)
}
